[easysmmpanel.com/index.html]
[backblue.gif]
[fade.gif]
[index.html]
[external.html]
[cdn.mypanel.link/hglpvb/e82n24iau3ac6tb0.png]
[pagead2.googlesyndication.com/pagead/js/f.txt]
[cdn.mypanel.link/global/qlp5ps26dlf9yklg.css]
[cdn.mypanel.link/hglpvb/b7mg0x5fwkkb34kl.css]
[cdn.mypanel.link/hglpvb/04iuf68xpnh3yppi.png]
[easysmmpanel.com/signup.html]
[easysmmpanel.com/api.html]
[easysmmpanel.com/services.html]
[easysmmpanel.com/terms.html]
[easysmmpanel.com/privacy-policy.html]
[easysmmpanel.com/refund-policy.html]
[easysmmpanel.com/resetpassword.html]
[cdn.mypanel.link/hglpvb/16l0ro2n2ppnacoi.jpg]
[cdn.mypanel.link/hglpvb/pdpg9oww7synmfod.jpg]
[cdn.mypanel.link/hglpvb/73bwwndu4nda788e.jpg]
[cdn.mypanel.link/global/ynsxlbyxzxlrwzu8.js]
[cdn.mypanel.link/global/g5r4zgquzcuq7jtl.js]
[easysmmpanel.com/index.html]
[cdn.mypanel.link/global/qlp5ps26dlf9yklg.css]
[cdn.mypanel.link/hglpvb/b7mg0x5fwkkb34kl.css]
[cdn.mypanel.link/global/pnl24maick8i2jzj.js]
[easysmmpanel.com/services.html]
[www.google.com/recaptcha/apifef7.js]
[easysmmpanel.com/signup.html]
[easysmmpanel.com/api.html]
[easysmmpanel.com/example.html]
[easysmmpanel.com/terms.html]
[easysmmpanel.com/privacy-policy.html]
[easysmmpanel.com/refund-policy.html]
[easysmmpanel.com/resetpassword.html]
[cdn.mypanel.link/global/df8hlinx1yt4aa3n.js]
[easysmmpanel.com/example.html]
